---
http_interactions:
- request:
    method: post
    uri: https://app.sandbox.icontact.com/icp/a/413323/c/124667/contacts
    body:
      encoding: UTF-8
      string: ! '[{"email":"subscriber@example.com"}]'
    headers:
      Api-Appid:
      - <APP_ID>
      Api-Username:
      - <USER_NAME>
      Api-Password:
      - <PASSWORD>
      Api-Version:
      - '2.2'
      Accept:
      - application/json
      Content-Type:
      - application/json
      User-Agent:
      - Ruby
  response:
    status:
      code: 200
      message: OK
    headers:
      Date:
      - Sat, 09 Jun 2012 19:46:54 GMT
      Server:
      - Apache
      Vary:
      - Accept-Encoding
      Content-Length:
      - '291'
      Connection:
      - close
      Content-Type:
      - text/html; charset=utf-8
    body:
      encoding: US-ASCII
      string: ! '{"contacts":[{"contactId":"66695798","prefix":"","firstName":"","lastName":"","suffix":"","street":"","street2":"","city":"","state":"","postalCode":"","phone":"","fax":"","business":"","email":"subscriber@example.com","createDate":"2012-06-09
        15:46:55","bounceCount":"","status":"normal"}]}'
    http_version: 
  recorded_at: Sat, 09 Jun 2012 19:46:54 GMT
- request:
    method: post
    uri: https://app.sandbox.icontact.com/icp/a/413323/c/124667/lists
    body:
      encoding: UTF-8
      string: ! '[{"name":"Test Subscription List"}]'
    headers:
      Api-Appid:
      - <APP_ID>
      Api-Username:
      - <USER_NAME>
      Api-Password:
      - <PASSWORD>
      Api-Version:
      - '2.2'
      Accept:
      - application/json
      Content-Type:
      - application/json
      User-Agent:
      - Ruby
  response:
    status:
      code: 200
      message: OK
    headers:
      Date:
      - Sat, 09 Jun 2012 19:46:55 GMT
      Server:
      - Apache
      Vary:
      - Accept-Encoding
      Content-Length:
      - '187'
      Connection:
      - close
      Content-Type:
      - text/html; charset=utf-8
    body:
      encoding: US-ASCII
      string: ! '{"lists":[{"listId":"205304","name":"Test Subscription List","publicname":"","description":"","emailOwnerOnChange":1,"welcomeOnManualAdd":0,"welcomeOnSignupAdd":0,"welcomeMessageId":""}]}'
    http_version: 
  recorded_at: Sat, 09 Jun 2012 19:46:55 GMT
- request:
    method: post
    uri: https://app.sandbox.icontact.com/icp/a/413323/c/124667/subscriptions
    body:
      encoding: UTF-8
      string: ! '[{"contactId":66695798,"listId":205304}]'
    headers:
      Api-Appid:
      - <APP_ID>
      Api-Username:
      - <USER_NAME>
      Api-Password:
      - <PASSWORD>
      Api-Version:
      - '2.2'
      Accept:
      - application/json
      Content-Type:
      - application/json
      User-Agent:
      - Ruby
  response:
    status:
      code: 200
      message: OK
    headers:
      Date:
      - Sat, 09 Jun 2012 19:46:55 GMT
      Server:
      - Apache
      Vary:
      - Accept-Encoding
      Content-Length:
      - '81'
      Connection:
      - close
      Content-Type:
      - text/html; charset=utf-8
    body:
      encoding: US-ASCII
      string: ! '{"subscriptions":[],"warnings":["Subscription at index 0 field status
        missing."]}'
    http_version: 
  recorded_at: Sat, 09 Jun 2012 19:46:55 GMT
- request:
    method: post
    uri: https://app.sandbox.icontact.com/icp/a/413323/c/124667/contacts/66695798
    body:
      encoding: UTF-8
      string: ! '{"status":"deleted"}'
    headers:
      Api-Appid:
      - <APP_ID>
      Api-Username:
      - <USER_NAME>
      Api-Password:
      - <PASSWORD>
      Api-Version:
      - '2.2'
      Accept:
      - application/json
      Content-Type:
      - application/json
      User-Agent:
      - Ruby
  response:
    status:
      code: 400
      message: Bad Request
    headers:
      Date:
      - Sat, 09 Jun 2012 19:46:56 GMT
      Server:
      - Apache
      Vary:
      - Accept-Encoding
      Content-Length:
      - '134'
      Connection:
      - close
      Content-Type:
      - text/html; charset=utf-8
    body:
      encoding: US-ASCII
      string: ! '{"errors":["The status value you provided was not valid. status can
        be either donotcontact or normal. Please provide a valid status"]}'
    http_version: 
  recorded_at: Sat, 09 Jun 2012 19:46:56 GMT
- request:
    method: delete
    uri: https://app.sandbox.icontact.com/icp/a/413323/c/124667/lists/205304
    body:
      encoding: US-ASCII
      string: ''
    headers:
      Api-Appid:
      - <APP_ID>
      Api-Username:
      - <USER_NAME>
      Api-Password:
      - <PASSWORD>
      Api-Version:
      - '2.2'
      Accept:
      - application/json
      Content-Type:
      - application/json
      User-Agent:
      - Ruby
  response:
    status:
      code: 200
      message: OK
    headers:
      Date:
      - Sat, 09 Jun 2012 19:46:57 GMT
      Server:
      - Apache
      Vary:
      - Accept-Encoding
      Content-Length:
      - '2'
      Connection:
      - close
      Content-Type:
      - text/html; charset=utf-8
    body:
      encoding: US-ASCII
      string: ! '[]'
    http_version: 
  recorded_at: Sat, 09 Jun 2012 19:46:56 GMT
recorded_with: VCR 2.1.1
